# dropped.log — counts + reasons per shard (no full-text dump)
# Method: pool rows not cited as card evidence, heuristically bucketed; kw tail never sampled.
# NOTE: shard pools overlap by design (a row can match S01+S02 patterns); per-shard dropped counts overlap too.

## S01 pool=488 keyword_rows_total=2897 seed_weight=8307 cited=52 deferred/cross-merged=4 dropped_from_pool=438
Unsampled tail (keyword rows never entering pool): 2409
generic-praise 1 e.g. UgxuNKS5zej2sJQ9QkB4AaABAg
first/emoji-only 0
off-topic 17 e.g. UgyjoHBl7zJaIuXLndV4AaABAg, UgxLLk7cxiqbpfcLOpB4AaABAg, UgzN362z9Aron31X2Qt4AaABAg.AZVZS46YPIFAZVwl7WBH2C, UgzVuXakjn3nSAeMP7B4AaABAg, Ugx5juMfW8s6z33hoe14AaABAg, Ugxi_3O46p_XHyeO9Xx4AaABAg, UgxNkQAGTi3WSFLR2Hx4AaABAg, UgwBtF5AdvsxvrgzS2l4AaABAg.AR8YeGwZQmUARBp0krHKLI
vague-restatement 420 e.g. UgzgSM_D9axh-ucNguJ4AaABAg, Ugw2Js6s6hrVrzyqqPR4AaABAg.Aa0vLJGIGHGAa2wOteV-1C, Ugx7SUD4vzkDow_b7Rp4AaABAg, Ugw0zOfHCwMJJeWZDF94AaABAg, Ugyr7SfI2WJuL7hm_wt4AaABAg.ADoi1Y9M3GcADon0phjXYF, Ugzft69W9qKTzsrDXAN4AaABAg.AYO_cuUl-N-AYPIjmvYM4O, UgypRMOSMgb_a690OtV4AaABAg.AZD7SgYI84ZAZDGU2ondC5, UgwaDLFVibDDFRXC_N14AaABAg.AZDd7ijlpfYAZKcDkSGq0U
cross-shard-merged 4: UgxuqCs3-mCWIcLwy1J4AaABAg -> INS-012 (dateless-drop incompleteness); Ugx9VAFuJ53tBolBXPB4AaABAg -> INS-009 (sick-of-Blox migrant plea); UgwYpm6nnt1mVjwhXa54AaABAg -> INS-042 (free-game confirmation); Ugw7eJKJ-JgaYLQDuRt4AaABAg -> INS-126 (project-death fear)

## S02 pool=606 keyword_rows_total=3868 seed_weight=3585 cited=66 deferred/cross-merged=7 dropped_from_pool=538
Unsampled tail (keyword rows never entering pool): 3262
generic-praise 5 e.g. Ugw8QEw6jzu6-6WPSrl4AaABAg, UgyfNA2xYmQHJb7Udvp4AaABAg, Ugxvv_qbOlTr2MMZr-94AaABAg, Ugx35dLMiAmAoiaK8ep4AaABAg, UgzCbhCD7sSK6vNcgwx4AaABAg
first/emoji-only 0
off-topic 31 e.g. UgzN362z9Aron31X2Qt4AaABAg.AZVZS46YPIFAZVwl7WBH2C, UgymhdxooXTSMmZVXBd4AaABAg.9llrOqRnhUr9llvb6SIbdq, UgyhxprXoVDsfKMw12d4AaABAg, Ugxbokd-8mSWDMG82pR4AaABAg.9lmobSAu3tH9lnZxGiRZ5T, Ugx0XEsnXz-PTtFcOyl4AaABAg, Ugwjxf1DlZt1J4I2abh4AaABAg.A6EPRqp_n34A6XUHRQWLpf, UgxJbGvI7DQTvLcx9Ot4AaABAg, Ugwjxf1DlZt1J4I2abh4AaABAg.A6EPRqp_n34A6GE9Ag-8-i
vague-restatement 502 e.g. Ugw7m4w89HZQyvnCSNt4AaABAg.AapayI_lI5AAaqA5DKtL9A, UgzINgX4EBkptcOUyC14AaABAg, UgxGWWHkEPAtbeXBiS94AaABAg.ATDATO9ieh3ATQND40CKDh, Ugw2Js6s6hrVrzyqqPR4AaABAg.Aa0vLJGIGHGAa2wOteV-1C, Ugx7SUD4vzkDow_b7Rp4AaABAg, Ugxv9ux2MqbdB2bWlet4AaABAg, Ugw0zOfHCwMJJeWZDF94AaABAg, UgxKaglbeIZlZml5VXh4AaABAg.AamlMDYuGSkAanfJFOzSl6
cross-shard-merged 7: UgxsG3_nAwnJ-gN2iQx4AaABAg -> INS-028 (sneak-economy creator); UgzoLKRQmd-tNR71vfZ4AaABAg -> INS-036 (console/mobile bug lists); Ugz8jFOEO-m34b4Pvnd4AaABAg -> INS-019 (early-access defense); UgwYpm6nnt1mVjwhXa54AaABAg -> INS-042 (free-game confirmation); UgzjHmVEiRD_A9DIJgl4AaABAg -> INS-026 (sneak-peak-simulator PT voice); Ugy0x9PsjQ6MwtIV9SR4AaABAg -> INS-140 (bug empathy grace); Ugw09Lb9cTe4YThCAD14AaABAg -> INS-087 (EAC-as-RP thinking)

## S03 pool=576 keyword_rows_total=2296 seed_weight=3166 cited=45 deferred/cross-merged=2 dropped_from_pool=533
Unsampled tail (keyword rows never entering pool): 1720
generic-praise 0
first/emoji-only 0
off-topic 24 e.g. UgxqOZb2LtNl48ymQLN4AaABAg, UgxizZjaiWLbC1jVBjJ4AaABAg, UgzT6fw2TVozYWGTcJ54AaABAg.AOsX2ZJ6kA8AP6QX710Yu4, UgwO8ipcN5kmMpBATbl4AaABAg, UgzZv5bGXhe1zJlD7Vd4AaABAg, UgwVzYQ28TllaCY290t4AaABAg.A0ZbYFnv4KFA0Zbh5ScbH2, Ugwt-kZ71mAUwKImFBd4AaABAg.A0meV31PZChA0meYUCX0ip, UgznH7Hkl1ezVSFT6-V4AaABAg
vague-restatement 509 e.g. Ugy7Ra0J0mNhEEbmTth4AaABAg, Ugy2FSZcTs9sQm7_20p4AaABAg, Ugzft69W9qKTzsrDXAN4AaABAg.AYO_cuUl-N-AYPIjmvYM4O, UgzP7Yy-owEAZM-n5914AaABAg.AK4tEyw7KaIAK5vSelnkLn, UgzdZOUBXDVXlKsoxf94AaABAg, UgxbB9ENKnIHZUbTA894AaABAg, UgwXrs6xdJtyBJxK8bN4AaABAg.AK7D1ql0Pc3AK7p6-lq4p_, UgwaDLFVibDDFRXC_N14AaABAg.AZDd7ijlpfYAZJUb2WOsoy
cross-shard-merged 2: UgzoLKRQmd-tNR71vfZ4AaABAg -> INS-036 (console/mobile bug lists); Ugw_hagWdiBo7tKuSE94AaABAg -> INS-037 (mobile-HUD essay)

## S04 pool=603 keyword_rows_total=4455 seed_weight=1902 cited=60 deferred/cross-merged=9 dropped_from_pool=554
Unsampled tail (keyword rows never entering pool): 3852
generic-praise 3 e.g. UgxTwGwKcSFYAyezbFd4AaABAg, UgzMFfX5No3sarfmgud4AaABAg.AIko77NXLG0AKh_ysRX_0s, UgwHRmtsR7yr1mpVT3h4AaABAg
first/emoji-only 0
off-topic 22 e.g. Ugx4qouZKlbcfdi6kXF4AaABAg, UgyYAqoqGBsnHqlywpZ4AaABAg.AH3p3Peepn-AO13liG4MwA, UgxyL6poPSoONtEDbCN4AaABAg, UgwRjtEtv_quwBFj7nZ4AaABAg, UgzX8txTIEOWyV8qsdN4AaABAg, UgxqOZb2LtNl48ymQLN4AaABAg, UgxBk-AvyvNBKSxXs5V4AaABAg, Ugy-GOv81uUZR213E_V4AaABAg
vague-restatement 529 e.g. Ugw7m4w89HZQyvnCSNt4AaABAg.AapayI_lI5AAaqA5DKtL9A, UgzINgX4EBkptcOUyC14AaABAg, UgyGJyICqtEevo_rGNV4AaABAg, UgyXJ_DK-raawrFND7t4AaABAg, Ugy7Ra0J0mNhEEbmTth4AaABAg, UgyHnoqwFwBytcctDol4AaABAg, UgwwvFDHg5PuMzjuSv94AaABAg, Ugw2Js6s6hrVrzyqqPR4AaABAg.Aa0vLJGIGHGAa2wOteV-1C
cross-shard-merged 9: Ugy-qrehxjOf6-myX0J4AaABAg -> INS-048 (devs scammed by modelers); Ugx9VAFuJ53tBolBXPB4AaABAg -> INS-009 (sick-of-Blox migrant plea); Ugw_hagWdiBo7tKuSE94AaABAg -> INS-037 (mobile-HUD essay); UgwYpm6nnt1mVjwhXa54AaABAg -> INS-042 (free-game confirmation); UgyqaotBLVW6ALKaMbV4AaABAg.A93-wYwz7MAAEQWDFq-fO2 -> INS-070 (debate-referee essay; also leak source); UgxB4Ua5fi_KjmFKV9N4AaABAg -> INS-126 (reputation-rot trust); Ugw7eJKJ-JgaYLQDuRt4AaABAg -> INS-126 (project-death fear); UgxLxxkf9bIObXbOJup4AaABAg.A7qRnqCT9BUACsr4wKOef9 -> INS-097 (soulslike/diving design doc); Ugys1IcUB3It-dFtixB4AaABAg -> INS-097 (playable undersea)

## S05 pool=611 keyword_rows_total=19320 seed_weight=4556 cited=58 deferred/cross-merged=22 dropped_from_pool=540
Unsampled tail (keyword rows never entering pool): 18709
generic-praise 4 e.g. Ugy0-WqGWE6Ly--edZR4AaABAg, Ugx7S62W9QwLOWHXT7h4AaABAg, Ugx2m6NkqJTFoK54WYt4AaABAg, UgwhlNhzpoibyz5JZCR4AaABAg
first/emoji-only 0
off-topic 53 e.g. Ugx4qouZKlbcfdi6kXF4AaABAg, UgxDFsjDqqgTuCcBaR54AaABAg.AHcM1xPsGqGAKKSO9IEBGp, UgxOAV9LctG-nnGODYJ4AaABAg, UgyYAqoqGBsnHqlywpZ4AaABAg.AH3p3Peepn-AO13liG4MwA, Ugw0t4qaEVFvuiiysjp4AaABAg.A93arF9STjUAG-WAlBMUKX, UgxyL6poPSoONtEDbCN4AaABAg, UgwRjtEtv_quwBFj7nZ4AaABAg, Ugz8MPxfRnGXHG9xfRp4AaABAg
vague-restatement 483 e.g. Ugy8et1clt8rXsNVgTt4AaABAg, Ugzswy-A2xk_QqRtTIV4AaABAg.AZQKlcAGhbVAZQpD-TiCvv, Ugw7m4w89HZQyvnCSNt4AaABAg.AapayI_lI5AAaqA5DKtL9A, UgzINgX4EBkptcOUyC14AaABAg, UgyGJyICqtEevo_rGNV4AaABAg, UgyXJ_DK-raawrFND7t4AaABAg, UgzgSM_D9axh-ucNguJ4AaABAg, Ugy7Ra0J0mNhEEbmTth4AaABAg
cross-shard-merged 22: UgwRtr1bioIHiavKatB4AaABAg -> INS-055 (early-GPO rarity formula); UgwRtr1bioIHiavKatB4AaABAg.AKJ7GCcR1DjAKJ7t4l_qur -> INS-055 (GPO commons-design nuance); UgxuqCs3-mCWIcLwy1J4AaABAg -> INS-012 (dateless-drop incompleteness); UgzIa2wAbBUn-Scupxp4AaABAg -> INS-058 (combat-habit defense); Ugwjn2DwyxvCp8Jk_XV4AaABAg -> INS-058 (no-devil-fruit viability); UgwBE4vuLGhLXwduIB54AaABAg -> INS-061 (Barto build-RP); UgyUlpkG8Pa9PfuIJIl4AaABAg -> INS-061 (own-build identity); Ugw_hagWdiBo7tKuSE94AaABAg -> INS-037 (mobile-HUD essay); UgwYpm6nnt1mVjwhXa54AaABAg -> INS-042 (free-game confirmation); UgyqaotBLVW6ALKaMbV4AaABAg.A93-wYwz7MAAEQWDFq-fO2 -> INS-070 (debate-referee essay; also leak source); UgwRGbtY2p0IufBFs214AaABAg -> INS-125 (mechanics-leak compilation); Ugwa4r4h8jD913A2YMp4AaABAg -> INS-126 (dev-anxiety); Ugw7eJKJ-JgaYLQDuRt4AaABAg -> INS-126 (project-death fear); Ugw4Qh62pFcWwveoHbt4AaABAg -> INS-139 (boat-combat craft); Ugy0x9PsjQ6MwtIV9SR4AaABAg -> INS-140 (bug empathy grace); Ugy_jnn-WSYF5LRUcdd4AaABAg -> INS-083 (marine/pirate ranking doc); Ugw09Lb9cTe4YThCAD14AaABAg -> INS-087 (EAC-as-RP thinking); UgxLxxkf9bIObXbOJup4AaABAg.A7qRnqCT9BUACsr4wKOef9 -> INS-097 (soulslike/diving design doc); Ugys1IcUB3It-dFtixB4AaABAg -> INS-097 (playable undersea); UgwXKmYoe1jolXh3GmJ4AaABAg -> INS-094 (Arcane ship-combat bar); Ugyi0s4hSb8-wK-kD3p4AaABAg.AKPUjddHzPmAKPrfip6x7E -> INS-096 (Law-submarine canon rebuttal); Ugx8hmTWoie_EXw_PGt4AaABAg -> INS-100 (Mordor boss-strategy pitch)

## S06 pool=609 keyword_rows_total=10131 seed_weight=6805 cited=76 deferred/cross-merged=31 dropped_from_pool=526
Unsampled tail (keyword rows never entering pool): 9522
generic-praise 7 e.g. UgyntxFwdGV0p0joln54AaABAg, UgxGvbJvg-03ZKktJ3V4AaABAg, UgyS1anos9Bavuidv7N4AaABAg, Ugysqe-5Hm7EqwJ3pWd4AaABAg, Ugw5wQsXnnL1jvTtxG94AaABAg, Ugw_hagWdiBo7tKuSE94AaABAg.ADU9urg_lQ8ADb3_VXLnM7, Ugy9yAXLcmpPHSoSV3t4AaABAg
first/emoji-only 0
off-topic 24 e.g. UgxDFsjDqqgTuCcBaR54AaABAg.AHcM1xPsGqGAKKSO9IEBGp, UgyYAqoqGBsnHqlywpZ4AaABAg.AH3p3Peepn-AO13liG4MwA, Ugw0t4qaEVFvuiiysjp4AaABAg.A93arF9STjUAG-WAlBMUKX, UgxyL6poPSoONtEDbCN4AaABAg, UgwRjtEtv_quwBFj7nZ4AaABAg, UgxqOZb2LtNl48ymQLN4AaABAg, UgxBk-AvyvNBKSxXs5V4AaABAg, Ugx5juMfW8s6z33hoe14AaABAg
vague-restatement 495 e.g. Ugy8et1clt8rXsNVgTt4AaABAg, Ugzswy-A2xk_QqRtTIV4AaABAg.AZQKlcAGhbVAZQpD-TiCvv, UgzINgX4EBkptcOUyC14AaABAg, UgyXJ_DK-raawrFND7t4AaABAg, Ugy7Ra0J0mNhEEbmTth4AaABAg, UgyHnoqwFwBytcctDol4AaABAg, UgzwmrJWLCXPLpZzb8N4AaABAg, UgwnXPq6V7OQBTkaKwl4AaABAg
cross-shard-merged 31: UgwRtr1bioIHiavKatB4AaABAg -> INS-055 (early-GPO rarity formula); UgwRtr1bioIHiavKatB4AaABAg.AKJ7GCcR1DjAKJ7t4l_qur -> INS-055 (GPO commons-design nuance); UgwpqGmj0EQb-qzgZI14AaABAg.AK5mCtD5GLGAK5uxKcpTHg -> INS-040 (GAG simplicity thesis); UgwpqGmj0EQb-qzgZI14AaABAg.AK5mCtD5GLGAK5uCbu_iJt -> INS-040 (GAG hype comparison); Ugz5Kbwjjyl0-AuKo6N4AaABAg -> INS-040 (graphical-demands popularity cap); UgxsG3_nAwnJ-gN2iQx4AaABAg -> INS-028 (sneak-economy creator); UgzoLKRQmd-tNR71vfZ4AaABAg -> INS-036 (console/mobile bug lists); Ugz8jFOEO-m34b4Pvnd4AaABAg -> INS-019 (early-access defense); UgxuqCs3-mCWIcLwy1J4AaABAg -> INS-012 (dateless-drop incompleteness); Ugy-qrehxjOf6-myX0J4AaABAg -> INS-048 (devs scammed by modelers); UgzIa2wAbBUn-Scupxp4AaABAg -> INS-058 (combat-habit defense); Ugwjn2DwyxvCp8Jk_XV4AaABAg -> INS-058 (no-devil-fruit viability); UgwBE4vuLGhLXwduIB54AaABAg -> INS-061 (Barto build-RP); UgyUlpkG8Pa9PfuIJIl4AaABAg -> INS-061 (own-build identity); Ugx9VAFuJ53tBolBXPB4AaABAg -> INS-009 (sick-of-Blox migrant plea); Ugw_hagWdiBo7tKuSE94AaABAg -> INS-037 (mobile-HUD essay); UgwYpm6nnt1mVjwhXa54AaABAg -> INS-042 (free-game confirmation); UgyqaotBLVW6ALKaMbV4AaABAg.A93-wYwz7MAAEQWDFq-fO2 -> INS-070 (debate-referee essay; also leak source); UgzjHmVEiRD_A9DIJgl4AaABAg -> INS-026 (sneak-peak-simulator PT voice); UgwRGbtY2p0IufBFs214AaABAg -> INS-125 (mechanics-leak compilation); UgxB4Ua5fi_KjmFKV9N4AaABAg -> INS-126 (reputation-rot trust); Ugwa4r4h8jD913A2YMp4AaABAg -> INS-126 (dev-anxiety); Ugw4Qh62pFcWwveoHbt4AaABAg -> INS-139 (boat-combat craft); UgwzW2heDSjFb83G8LF4AaABAg -> INS-150 (creator loyalty); Ugz_VVX6Jj6Oq57djnh4AaABAg -> INS-139 (big-game difficulty); UgybQjhzUGLEoeAm-tN4AaABAg -> INS-144 (masterpiece journey); Ugw5aBsxwHF1QhWpTQd4AaABAg -> INS-141 (grief bond); Ugw09Lb9cTe4YThCAD14AaABAg -> INS-087 (EAC-as-RP thinking); UgxLxxkf9bIObXbOJup4AaABAg.A7qRnqCT9BUACsr4wKOef9 -> INS-097 (soulslike/diving design doc); UgwXKmYoe1jolXh3GmJ4AaABAg -> INS-094 (Arcane ship-combat bar); Ugyi0s4hSb8-wK-kD3p4AaABAg.AKPUjddHzPmAKPrfip6x7E -> INS-096 (Law-submarine canon rebuttal)

## S07 pool=456 keyword_rows_total=1582 seed_weight=490 cited=57 deferred/cross-merged=7 dropped_from_pool=394
Unsampled tail (keyword rows never entering pool): 1126
generic-praise 4 e.g. Ugzx8KHq9qjdFPJ9yxd4AaABAg.AKJ6inZyOb0AKJ8AsPVGr0, Ugw9Zb4frOAe79-PQhV4AaABAg, UgzLswrfy8kTju_Rnch4AaABAg, UgxC79ciTKmLyn7FmWB4AaABAg
first/emoji-only 0
off-topic 33 e.g. Ugx4qouZKlbcfdi6kXF4AaABAg, UgxOAV9LctG-nnGODYJ4AaABAg, Ugw0t4qaEVFvuiiysjp4AaABAg.A93arF9STjUAG-WAlBMUKX, UgxyL6poPSoONtEDbCN4AaABAg, Ugz8MPxfRnGXHG9xfRp4AaABAg, UgzX8txTIEOWyV8qsdN4AaABAg, UgyjoHBl7zJaIuXLndV4AaABAg, UgzVuXakjn3nSAeMP7B4AaABAg
vague-restatement 357 e.g. Ugw7m4w89HZQyvnCSNt4AaABAg.AapayI_lI5AAaqA5DKtL9A, Ugy2FSZcTs9sQm7_20p4AaABAg, UgzwlyhmzrHRiJJIbLd4AaABAg, UgxNKWdzwVMVUh1aMpl4AaABAg, UgzwmrJWLCXPLpZzb8N4AaABAg, Ugxs58GpoeyY23szl194AaABAg.A6lXILxS2MqA6lv73cAAg1, Ugwrs-xyUFtOdiwaCMx4AaABAg, Ugw-yrgZyaeryAhnm_x4AaABAg
cross-shard-merged 7: UgzIa2wAbBUn-Scupxp4AaABAg -> INS-058 (combat-habit defense); UgwYpm6nnt1mVjwhXa54AaABAg -> INS-042 (free-game confirmation); UgwRGbtY2p0IufBFs214AaABAg -> INS-125 (mechanics-leak compilation); Ugy_jnn-WSYF5LRUcdd4AaABAg -> INS-083 (marine/pirate ranking doc); Ugw09Lb9cTe4YThCAD14AaABAg -> INS-087 (EAC-as-RP thinking); UgxLxxkf9bIObXbOJup4AaABAg.A7qRnqCT9BUACsr4wKOef9 -> INS-097 (soulslike/diving design doc); Ugys1IcUB3It-dFtixB4AaABAg -> INS-097 (playable undersea)

## S08 pool=599 keyword_rows_total=4256 seed_weight=374 cited=45 deferred/cross-merged=13 dropped_from_pool=547
Unsampled tail (keyword rows never entering pool): 3657
generic-praise 3 e.g. UgxTwGwKcSFYAyezbFd4AaABAg, UgxuNKS5zej2sJQ9QkB4AaABAg, Ugz6QGw_01LPh_H4Aod4AaABAg
first/emoji-only 0
off-topic 43 e.g. Ugx4qouZKlbcfdi6kXF4AaABAg, UgxDFsjDqqgTuCcBaR54AaABAg.AHcM1xPsGqGAKKSO9IEBGp, UgxOAV9LctG-nnGODYJ4AaABAg, UgyYAqoqGBsnHqlywpZ4AaABAg.AH3p3Peepn-AO13liG4MwA, Ugw0t4qaEVFvuiiysjp4AaABAg.A93arF9STjUAG-WAlBMUKX, UgxtmFs8Vlw8_yCaTWd4AaABAg, UgzX8txTIEOWyV8qsdN4AaABAg, UgzfYRAKu57PQQ2Ll2l4AaABAg
vague-restatement 501 e.g. Ugy8et1clt8rXsNVgTt4AaABAg, UgzINgX4EBkptcOUyC14AaABAg, UgyGJyICqtEevo_rGNV4AaABAg, UgyXJ_DK-raawrFND7t4AaABAg, Ugy2FSZcTs9sQm7_20p4AaABAg, UgxNKWdzwVMVUh1aMpl4AaABAg, UgzwmrJWLCXPLpZzb8N4AaABAg, UgwnXPq6V7OQBTkaKwl4AaABAg
cross-shard-merged 13: UgzIa2wAbBUn-Scupxp4AaABAg -> INS-058 (combat-habit defense); Ugw_hagWdiBo7tKuSE94AaABAg -> INS-037 (mobile-HUD essay); UgwYpm6nnt1mVjwhXa54AaABAg -> INS-042 (free-game confirmation); UgyqaotBLVW6ALKaMbV4AaABAg.A93-wYwz7MAAEQWDFq-fO2 -> INS-070 (debate-referee essay; also leak source); UgwRGbtY2p0IufBFs214AaABAg -> INS-125 (mechanics-leak compilation); Ugw4Qh62pFcWwveoHbt4AaABAg -> INS-139 (boat-combat craft); Ugy_jnn-WSYF5LRUcdd4AaABAg -> INS-083 (marine/pirate ranking doc); Ugw09Lb9cTe4YThCAD14AaABAg -> INS-087 (EAC-as-RP thinking); UgxLxxkf9bIObXbOJup4AaABAg.A7qRnqCT9BUACsr4wKOef9 -> INS-097 (soulslike/diving design doc); Ugys1IcUB3It-dFtixB4AaABAg -> INS-097 (playable undersea); UgwXKmYoe1jolXh3GmJ4AaABAg -> INS-094 (Arcane ship-combat bar); Ugyi0s4hSb8-wK-kD3p4AaABAg.AKPUjddHzPmAKPrfip6x7E -> INS-096 (Law-submarine canon rebuttal); Ugx8hmTWoie_EXw_PGt4AaABAg -> INS-100 (Mordor boss-strategy pitch)

## S09 pool=589 keyword_rows_total=3178 seed_weight=5926 cited=58 deferred/cross-merged=4 dropped_from_pool=555
Unsampled tail (keyword rows never entering pool): 2589
generic-praise 7 e.g. UgzfCnSGNfwjRM3ivtN4AaABAg, Ugx0NuD6ZYHmzVjVATF4AaABAg, Ugysqe-5Hm7EqwJ3pWd4AaABAg, Ugy-zfjqctBTNF7AWcx4AaABAg, Ugw9Zb4frOAe79-PQhV4AaABAg, UgyfC5VmTyjbkqnHbnp4AaABAg, Ugw_hagWdiBo7tKuSE94AaABAg.ADU9urg_lQ8ADb3_VXLnM7
first/emoji-only 0
off-topic 31 e.g. UgxDFsjDqqgTuCcBaR54AaABAg.AHcM1xPsGqGAKKSO9IEBGp, UgxOAV9LctG-nnGODYJ4AaABAg, Ugz8MPxfRnGXHG9xfRp4AaABAg, UgzX8txTIEOWyV8qsdN4AaABAg, UgxqOZb2LtNl48ymQLN4AaABAg, Ugy-GOv81uUZR213E_V4AaABAg, UgxLLk7cxiqbpfcLOpB4AaABAg, Ugwvw_G45ZfudsGrECx4AaABAg
vague-restatement 517 e.g. Ugy8et1clt8rXsNVgTt4AaABAg, UgzINgX4EBkptcOUyC14AaABAg, Ugw2Js6s6hrVrzyqqPR4AaABAg.Aa0vLJGIGHGAa2wOteV-1C, Ugw8Tpk4SwFCa3xbEJ54AaABAg.ABa-IBesYe1ADk8yS5QEGm, Ugw0zOfHCwMJJeWZDF94AaABAg, Ugwrs-xyUFtOdiwaCMx4AaABAg, UgxKaglbeIZlZml5VXh4AaABAg.AamlMDYuGSkAanfJFOzSl6, UgwIOUEuXlRHlB-fQwh4AaABAg
cross-shard-merged 4: UgzoLKRQmd-tNR71vfZ4AaABAg -> INS-036 (console/mobile bug lists); UgzjHmVEiRD_A9DIJgl4AaABAg -> INS-026 (sneak-peak-simulator PT voice); UgxB4Ua5fi_KjmFKV9N4AaABAg -> INS-126 (reputation-rot trust); Ugy_jnn-WSYF5LRUcdd4AaABAg -> INS-083 (marine/pirate ranking doc)

## S10 pool=497 keyword_rows_total=2158 seed_weight=0 cited=65 deferred/cross-merged=7 dropped_from_pool=436
Unsampled tail (keyword rows never entering pool): 1661
generic-praise 7 e.g. Ugy0-WqGWE6Ly--edZR4AaABAg, Ugyu1FHZgCw6pSzA2qR4AaABAg.A3BStIsdZm6A3IrTAc5CcY, Ugxe1b34bDc92bWbd2p4AaABAg, UgyvKf-8cOGb8CghP1R4AaABAg, UgyIhg1IeGsQ2opx1dx4AaABAg, Ugw9Zb4frOAe79-PQhV4AaABAg, Ugyx8aD0JpmGvURKQhF4AaABAg
first/emoji-only 0
off-topic 25 e.g. UgyYAqoqGBsnHqlywpZ4AaABAg.AH3p3Peepn-AO13liG4MwA, Ugw0t4qaEVFvuiiysjp4AaABAg.A93arF9STjUAG-WAlBMUKX, UgxtmFs8Vlw8_yCaTWd4AaABAg, UgzfYRAKu57PQQ2Ll2l4AaABAg, UgyjoHBl7zJaIuXLndV4AaABAg, Ugwvw_G45ZfudsGrECx4AaABAg, UgzN362z9Aron31X2Qt4AaABAg.AZVZS46YPIFAZVwl7WBH2C, UgwO8ipcN5kmMpBATbl4AaABAg
vague-restatement 404 e.g. Ugw7m4w89HZQyvnCSNt4AaABAg.AapayI_lI5AAaqA5DKtL9A, UgzINgX4EBkptcOUyC14AaABAg, UgyXJ_DK-raawrFND7t4AaABAg, UgzgSM_D9axh-ucNguJ4AaABAg, UgwwvFDHg5PuMzjuSv94AaABAg, Ugw2Js6s6hrVrzyqqPR4AaABAg.Aa0vLJGIGHGAa2wOteV-1C, UgzwmrJWLCXPLpZzb8N4AaABAg, UgyYAqoqGBsnHqlywpZ4AaABAg.AH3p3Peepn-AO3Ubbe7DaA
cross-shard-merged 7: UgxuqCs3-mCWIcLwy1J4AaABAg -> INS-012 (dateless-drop incompleteness); Ugx9VAFuJ53tBolBXPB4AaABAg -> INS-009 (sick-of-Blox migrant plea); UgyqaotBLVW6ALKaMbV4AaABAg.A93-wYwz7MAAEQWDFq-fO2 -> INS-070 (debate-referee essay; also leak source); UgxB4Ua5fi_KjmFKV9N4AaABAg -> INS-126 (reputation-rot trust); Ugwa4r4h8jD913A2YMp4AaABAg -> INS-126 (dev-anxiety); Ugw7eJKJ-JgaYLQDuRt4AaABAg -> INS-126 (project-death fear); Ugy_jnn-WSYF5LRUcdd4AaABAg -> INS-083 (marine/pirate ranking doc)

## S11 pool=480 keyword_rows_total=4918 seed_weight=2219 cited=42 deferred/cross-merged=6 dropped_from_pool=439
Unsampled tail (keyword rows never entering pool): 4438
generic-praise 2 e.g. Ugw_hagWdiBo7tKuSE94AaABAg.ADU9urg_lQ8ADb3_VXLnM7, UgyLHrg1fbgztaAHGbt4AaABAg
first/emoji-only 0
off-topic 5 e.g. UgxI_nl7_C5lNwbYcUh4AaABAg, UgxUwzbihMoYlWKcGuF4AaABAg, UgzKjsTUlVrPScJFjUt4AaABAg, UgwOhzLSTL3u2N5P8AB4AaABAg.A6aQEazvxdwA6bIhugXaYm, UgzFv7TjsZ1uv5AQxrx4AaABAg.A6aKmhJDejhA6b6Q3pouPe
vague-restatement 432 e.g. Ugy8et1clt8rXsNVgTt4AaABAg, Ugzswy-A2xk_QqRtTIV4AaABAg.AZQKlcAGhbVAZQpD-TiCvv, UgxGWWHkEPAtbeXBiS94AaABAg.ATDATO9ieh3ATQND40CKDh, Ugxv9ux2MqbdB2bWlet4AaABAg, UgwJesR3IBQa2EeFGUN4AaABAg.Aa0EyjocbP-Aa2xqoLCy6h, UgytF_cYXB6LTdaE3W94AaABAg, Ugwj2wStl0UUjZbYNYZ4AaABAg, Ugw_hagWdiBo7tKuSE94AaABAg.ADU9urg_lQ8ADbG7EJULFo
cross-shard-merged 6: Ugw_hagWdiBo7tKuSE94AaABAg -> INS-037 (mobile-HUD essay); UgzjHmVEiRD_A9DIJgl4AaABAg -> INS-026 (sneak-peak-simulator PT voice); Ugy0x9PsjQ6MwtIV9SR4AaABAg -> INS-140 (bug empathy grace); Ugw09Lb9cTe4YThCAD14AaABAg -> INS-087 (EAC-as-RP thinking); UgxLxxkf9bIObXbOJup4AaABAg.A7qRnqCT9BUACsr4wKOef9 -> INS-097 (soulslike/diving design doc); Ugyi0s4hSb8-wK-kD3p4AaABAg.AKPUjddHzPmAKPrfip6x7E -> INS-096 (Law-submarine canon rebuttal)

## S12 pool=438 keyword_rows_total=1248 seed_weight=4001 cited=60 deferred/cross-merged=9 dropped_from_pool=378
Unsampled tail (keyword rows never entering pool): 810
generic-praise 19 e.g. UgwjTVuByYu0twlAuAd4AaABAg, Ugx2dlbbJiZcj2oDPQ14AaABAg, UgxoWtJbu_aM1kr6vU54AaABAg.AIWLV-7H70pAIbc2A_0b0p, Ugy9epsaap8JDWjK4DJ4AaABAg, UgyIb6vGIHYIOKtf7i94AaABAg, Ugz5kKMSRxz4jFmShcF4AaABAg.AWABoBz9apSAWAvdn7Tl4m, UgxbdlGdqD7gR3sE3M54AaABAg, UgyS1anos9Bavuidv7N4AaABAg
first/emoji-only 0
off-topic 23 e.g. Ugx4qouZKlbcfdi6kXF4AaABAg, Ugw0t4qaEVFvuiiysjp4AaABAg.A93arF9STjUAG-WAlBMUKX, UgwRjtEtv_quwBFj7nZ4AaABAg, UgymhdxooXTSMmZVXBd4AaABAg.9llrOqRnhUr9llvb6SIbdq, UgyhxprXoVDsfKMw12d4AaABAg, Ugxbokd-8mSWDMG82pR4AaABAg.9lmobSAu3tH9lnZxGiRZ5T, UgxJbGvI7DQTvLcx9Ot4AaABAg, UgznH7Hkl1ezVSFT6-V4AaABAg
vague-restatement 336 e.g. UgzINgX4EBkptcOUyC14AaABAg, UgxNKWdzwVMVUh1aMpl4AaABAg, Ugw8Tpk4SwFCa3xbEJ54AaABAg.ABa-IBesYe1ADk8yS5QEGm, UgxvDLltmS6A_KMNjIt4AaABAg, UgzcWZDQUPpsKuG5inx4AaABAg, Ugzft69W9qKTzsrDXAN4AaABAg.AYO_cuUl-N-AYPIjmvYM4O, Ugy2u81GKElGU_imFrN4AaABAg, Ugw-lNDAVf5XIc8iV4F4AaABAg.AXVLPemuMpdA_Lyat86LkU
cross-shard-merged 9: UgxsG3_nAwnJ-gN2iQx4AaABAg -> INS-028 (sneak-economy creator); Ugy-qrehxjOf6-myX0J4AaABAg -> INS-048 (devs scammed by modelers); UgyUlpkG8Pa9PfuIJIl4AaABAg -> INS-061 (own-build identity); UgzjHmVEiRD_A9DIJgl4AaABAg -> INS-026 (sneak-peak-simulator PT voice); Ugw4Qh62pFcWwveoHbt4AaABAg -> INS-139 (boat-combat craft); UgwzW2heDSjFb83G8LF4AaABAg -> INS-150 (creator loyalty); Ugz_VVX6Jj6Oq57djnh4AaABAg -> INS-139 (big-game difficulty); UgybQjhzUGLEoeAm-tN4AaABAg -> INS-144 (masterpiece journey); Ugy_jnn-WSYF5LRUcdd4AaABAg -> INS-083 (marine/pirate ranking doc)
